// Jest Snapshot v1, https://goo.gl/fbAQLP

exports[`should render SWLegendsPage correctly 1`] = `
<div
  className="css-psi938"
>
  <Header />
  <div
    className="css-yfnaq3"
  >
    <div
      className="css-1rmlj2i"
      id="legendsListWrapper"
      onScroll={null}
    >
      <Connect(SWLegendsList) />
    </div>
  </div>
  <Footer />
</div>
`;
