// Jest Snapshot v1, https://goo.gl/fbAQLP

exports[`should redirect to homepage if the id passed to the page is not found in the store.people array 1`] = `
<Redirect
  to="/"
/>
`;

exports[`should render SWCharacterPage correctly 1`] = `
<div
  className="css-psi938"
>
  <Header />
  <div
    className="css-jfh2bv"
  >
    <Link
      className="css-rd4qh1"
      to="/"
    >
      ← Back to List
    </Link>
    <h1>
      Star Destroyer
    </h1>
    <div
      className="css-1806dpm"
    >
      <div
        className="css-1wetx9n"
      >
        <b>
          General Info:
        </b>
         
        <br />
        Model: 
        Imperial I-class Star Destroyer
         
        <br />
        Manufacturer: 
        Kuat Drive Yards
         
        <br />
        Starship Class: 
        Star Destroyer
         
        <br />
        Cost in Credits: 
        150000000
         
        <br />
        Length: 
        1,600
      </div>
      <div
        className="css-1wetx9n"
      >
        <b>
          Performance:
        </b>
         
        <br />
        Max Atomsphering Speed: 
        975
         
        <br />
        Hyperdrive Rating: 
        2.0
         
        <br />
        MGLT: 
        60
         
        <br />
      </div>
      <div
        className="css-1wetx9n"
      >
        <b>
          Capacity:
        </b>
         
        <br />
        Crew: 
        47060
         
        <br />
        Passengers: 
        0
         
        <br />
        Cargo Capacity: 
        36000000
         
        <br />
        Consumables: 
        2 years
      </div>
    </div>
  </div>
  <Footer />
</div>
`;
